Enter the first number: Enter the second number: 4321 and 4321 are equal.
