Enter the first number: Enter the second number: 999 is strictly greater than 991 by 8.
