Enter your first name: Enter your last name: Hello, Steve Jobs.
