Enter the first number: Enter the second number: 5821 is strictly greater than 329 by 5492.
