Enter the first number: Enter the second number: 225 is strictly greater than 224 by 1.
