Enter your first name: Enter your last name: Hello, Umesh Bellur.
