Enter the first number: Enter the second number: 4444 is strictly greater than 444 by 4000.
